Customer Reference,Contract ID,Customer Full Name,Customer Job Title,Customer Company,Customer Department,Customer Address Line 1,Customer Address Line 2,Customer Address Line 3,Customer Town,Customer PostCode,Delivery Quantity,Customer Telephone,Property type,Front Door Access,Door Colour,House Details,Where to Leave,Landmarks,Additional Information,Letterbox,Source campaign,Sent Date,Delivery Date,Returned Date,Delivery problem,Delivery problem notes,Charge day
A-S00062593,,uABT7JsOnyAiFqwao1c uABT7JsOnyAiFqwao1c,,,,92 York Way,92 York Way,,London,NW1A 1AA,1,,,,,,,,,,,05/07/2017,06/07/2017,,,,Thursday
A-S00062368,,DNVdgozI30Qh47okU1c DNVdgozI30Qh47okU1c,,,,123 Fake Street,123 Fake Street,,Faketown,123 123,1,,,,,,,,,,,05/07/2017,06/07/2017,,,,Thursday
A-S00062346,,NJvKOa0dGdiAp0uRU1c NJvKOa0dGdiAp0uRU1c,,,,test billing address line 1,,,test billing town,PE7 1LQ,1,,,,,,,,,,,05/07/2017,06/07/2017,,,,Thursday
A-S00069777,,HQQ1rY8A1kowTKg7NDc HQQ1rY8A1kowTKg7NDc,,,,12 Stoneleigh Place,,,London,W11 4DT,1,3213213213,,,,,,,,,,05/07/2017,06/07/2017,,,,Thursday
A-S00069850,,FX7Y6THUdmHsp7WLcDc FX7Y6THUdmHsp7WLcDc,,,,"The Guardian Media Group, Kings Place, 90 York Way","The Guardian Media Group, Kings Place, 90 York Way",,London,N1 9GU,1,,,,,,,,,,,05/07/2017,06/07/2017,,,,Thursday
A-S00069858,,ftwGW7hZWK78GHVXeDc ftwGW7hZWK78GHVXeDc,,,,"The Guardian Media Group, Kings Place, 90 York Way","The Guardian Media Group, Kings Place, 90 York Way",,London,N1 9GU,1,,,,,,,,burger town is the best town,,,05/07/2017,06/07/2017,,,,Thursday
A-S00069868,,5PYvd4vVbDVhpwBUgDc 5PYvd4vVbDVhpwBUgDc,,,,"The Guardian Media Group, Kings Place, 90 York Way","The Guardian Media Group, Kings Place, 90 York Way",,London,N1 9GU,1,,,,,,,,5PYvd4vVbDVhpwBUgDc 5PYvd4vVbDVhpwBUgDc 5PYvd4vVbDVhpwBUgDc 5PYvd4vVbDVhpwBUgDc 5PYvd4vVbDVhpwBUgDc 5PYvd4vVbDVhpwBUgDc 5PYvd4vVbDVhpwBUgDc 5PYvd4vVbDVhpwBUgDc 5PYvd4vVbDVhpwBUgDc 5PYvd4vVbDVhpwBUgDc 5PYvd4vVbDVhpwBUgDc 5PYvd4vVbDVhpwBUgDc 5PYvd4vVb!,,,05/07/2017,06/07/2017,,,,Thursday
A-S00069901,,lSqdymKOpaxCKmJ2lDc lSqdymKOpaxCKmJ2lDc,,,,"The Guardian Media Group, Kings Place, 90 York Way","The Guardian Media Group, Kings Place, 90 York Way",,London,N1 9GU,1,,,,,,,,THESE ARE MY SPECIAL DELIVERY INSTRUCTIONSTHESE ARE MY SPECIAL DELIVERY INSTRUCTIONSTHESE ARE MY SPECIAL DELIVERY INSTRUCTIONSTHESE ARE MY SPECIAL DELIVERY INSTRUCTIONSTHESE ARE MY SPECIAL DELIVERY INSTRUCTIONSTHESE ARE MY SPECIAL DELIVERY INSTRUCTI!,,,05/07/2017,06/07/2017,,,,Thursday
A-S00069921,,B6qb622DPGBnc0hktDc B6qb622DPGBnc0hktDc,,,,B6qb622DPGBnc0hktDc,,,B6qb622DPGBnc0hktDc,N 1H1,1,,,,,,,,,,,05/07/2017,06/07/2017,,,,Thursday