"Subscriber ID","Name","Company name","Address 1","Address 2","Address 3","Country","Post code","Copies"
"8010002","Davina Hyder 2","","100 Lane","","Beaverton","United Kingdom","E17 1EW","1"
"A-S00067822","Mrg9xLfr5QlhUscHP9c Mrg9xLfr5QlhUscHP9c","","test","test","test","United Kingdom","test","1"
"A-S00069805","Mx RJ3ZX4Js2t1KBGxSRDc RJ3ZX4Js2t1KBGxSRDc","","RJ3ZX4Js2t1KBGxSRDc","","RJ3ZX4Js2t1KBGxSRDc","United Kingdom","RJ3ZX4JS2T1KBGXSRDC","1"
"A-S00069804","Mx PY47GZ7XhPxcPgJSRDc PY47GZ7XhPxcPgJSRDc","","PY47GZ7XhPxcPgJSRDc","","PY47GZ7XhPxcPgJSRDc","United Kingdom","PY47GZ7XHPXCPGJSRDC","1"
"A-S00069466","Mr yNMRX9Wy9d8w1Yn7FCc yNMRX9Wy9d8w1Yn7FCc","","yNMRX9Wy9d8w1Yn7FCc","","yNMRX9Wy9d8w1Yn7FCc","United Kingdom","123","1"
"A-S00069469","Mr imV1yQFwFCHLXaFkECc imV1yQFwFCHLXaFkECc","","imV1yQFwFCHLXaFkECc","","imV1yQFwFCHLXaFkECc","United Kingdom","12334","1"
"A-S00069468","Mr imV1yQFwFCHLXaFkECc imV1yQFwFCHLXaFkECc","","imV1yQFwFCHLXaFkECc","","imV1yQFwFCHLXaFkECc","United Kingdom","12334","1"
"A-S00069474","Mr imV1yQFwFCHLXaFkECc imV1yQFwFCHLXaFkECc","","imV1yQFwFCHLXaFkECc","","imV1yQFwFCHLXaFkECc","United Kingdom","12334","1"