"Subscriber ID","Name","Company name","Address 1","Address 2","Address 3","Country","Post code","Copies"
"A-S00064583","XI4DsrRztQnrEUmnh4c XI4DsrRztQnrEUmnh4c","","XI4DsrRztQnrEUmnh4c","","XI4DsrRztQnrEUmnh4c","New Zealand","","1"
"A-S00064625","yhb9NEPRfhPQe9tWk4c yhb9NEPRfhPQe9tWk4c","","yhb9NEPRfhPQe9tWk4c","","yhb9NEPRfhPQe9tWk4c","New Zealand","","1"