"Subscriber ID","Name","Company name","Address 1","Address 2","Address 3","Country","Post code","Copies"
"A-S00068316","W0gX5SBlvPmQ7emPF8c McFly","","9303 Lyon Drive","Lyon Estates","Hill Valley","United States","95420","1"
"A-S00068271","W0gX5SBlvPmQ7emPF8c McFly","","9303 Lyon Drive","Lyon Estates","Hill Valley","United States","95420","1"
"A-S00067922","W0gX5SBlvPmQ7emPF8c McFly","","9303 Lyon Drive","Lyon Estates","Hill Valley","United States","95420","1"
"A-S00064420","NE7YOK2mTd0vEziOM4c NE7YOK2mTd0vEziOM4c","","NE7YOK2mTd0vEziOM4c","NE7YOK2mTd0vEziOM4c","NE7YOK2mTd0vEziOM4c","United States","1234","1"
"A-S00064628","tFj93nRo7D9gNHQek4c tFj93nRo7D9gNHQek4c","","tFj93nRo7D9gNHQek4c","","tFj93nRo7D9gNHQek4c","United States","tFj93nRo7D9gNHQek4c","1"