Subscriber ID,Name,Company name,Address 1,Address 2,Address 3,Country,Post code,Copies
A-S00064454,MON5D33KW2WN0BSPS4C MON5D33KW2WN0BSPS4C,,MON5D33KW2WN0BSPS4C,MON5D33KW2WN0BSPS4C,MON5D33KW2WN0BSPS4C,Australia,1234,1
A-S00064610,TCSEQWQIIEPA9IIPI4C TCSEQWQIIEPA9IIPI4C,,TCSEQWQIIEPA9IIPI4C,TCSEQWQIIEPA9IIPI4C,TCSEQWQIIEPA9IIPI4C,Australia,,1