"Subscriber ID","Name","Company name","Address 1","Address 2","Address 3","Country","Post code","Copies"
"A-S00069474","Mr imV1yQFwFCHLXaFkECc imV1yQFwFCHLXaFkECc","","imV1yQFwFCHLXaFkECc","","imV1yQFwFCHLXaFkECc","Vanuatu","12334","1"