Subscriber ID,Name,Company name,Address 1,Address 2,Address 3,Country,Post code,Copies
A-S00064365,CuZA6beJSi73fiDsJ4c CuZA6beJSi73fiDsJ4c,,"Canada Line 1, Canada Line 2",,CuZA6beJSi73fiDsJ4c,Canada,2314,1