"Subscriber ID","Name","Company name","Address 1","Address 2","Address  3","Country","Post code","Copies"
"A-S00069804","Mx PY47GZ7XhPxcPgJSRDc PY47GZ7XhPxcPgJSRDc","","PY47GZ7XhPxcPgJSRDc","PY47GZ7XhPxcPgJSRDc","","HONG KONG","PY47GZ7XHPXCPGJSRDC","1.0"
"A-S00069469","Mr imV1yQFwFCHLXaFkECc imV1yQFwFCHLXaFkECc","","imV1yQFwFCHLXaFkECc","imV1yQFwFCHLXaFkECc","","HONG KONG","12334","1.0"