"Subscriber ID","Name","Company name","Address 1","Address 2","Address 3","Country","Post code","Copies"
"A-S00064392","B5rGU4TakqdrRgmqL4c B5rGU4TakqdrRgmqL4c","","B5rGU4TakqdrRgmqL4c","B5rGU4TakqdrRgmqL4c","B5rGU4TakqdrRgmqL4c","France","123","1"